
Collecting usage statistics. To deactivate, set browser.gatherUsageStats to false.

2026-08-09 09:56:05.158 Uvicorn server started on :::8501

  You can now view your Streamlit app in your browser.

  Local URL: http://localhost:8501
  Network URL: http://192.168.0.2:8501
  External URL: http://34.27.142.64:8501

2026-08-09 09:57:10.241 Uncaught app execution
Traceback (most recent call last):
  File "/home/jules/.pyenv/versions/3.12.13/lib/python3.12/site-packages/streamlit/runtime/scriptrunner/exec_code.py", line 136, in exec_func_with_error_handling
    result = func()
             ^^^^^^
  File "/home/jules/.pyenv/versions/3.12.13/lib/python3.12/site-packages/streamlit/runtime/scriptrunner/script_runner.py", line 816, in code_to_exec
    exec(code, module.__dict__)  # noqa: S102
    ^^^^^^^^^^^^^^^^^^^^^^^^^^^
  File "/app/app.py", line 476, in <module>
    if times:
       ^^^^^
  File "/home/jules/.pyenv/versions/3.12.13/lib/python3.12/site-packages/pandas/core/indexes/base.py", line 2975, in __bool__
    raise ValueError(
ValueError: The truth value of a DatetimeIndex is ambiguous. Use a.empty, a.bool(), a.item(), a.any() or a.all().
2026-08-09 09:58:16.658 Please replace `st.components.v1.html` with `st.iframe`.

`st.components.v1.html` will be removed after 2026-06-01.
  Stopping...
